

########## 0. 실습 준비 - 이전 실습 잔여물 정리 ##########

$ docker rm -f hello-lab ubuntu-lab ticker 2>/dev/null; true


########## 1. Docker 설치 및 데몬 동작 점검 ##########

# 클라이언트 버전

$ docker --version
Docker version 29.6.2, build dfc4efb

# 클라이언트/서버(데몬) 버전을 함께 확인. Server 항목이 나오면 데몬과 통신에 성공한 것이다.

$ docker version
Client: Docker Engine - Community
 Version:           29.6.2
 API version:       1.55
 Go version:        go1.26.5
 Git commit:        dfc4efb
 Built:             Thu Jul 16 16:12:21 2026
 OS/Arch:           linux/amd64
 Context:           default

Server: Docker Engine - Community
 Engine:
  Version:          29.6.2
  API version:      1.55 (minimum version 1.40)
  Go version:       go1.26.5
  Git commit:       3d80467
  Built:            Thu Jul 16 16:12:21 2026
  OS/Arch:          linux/amd64
  Experimental:     false
 containerd:
  Version:          v2.2.6
  GitCommit:        11ce9d5f3c68c941867e82890e93e815c1304f1b
 runc:
  Version:          1.3.6
  GitCommit:        v1.3.6-0-g491b69ba
 docker-init:
  Version:          0.19.0
  GitCommit:        de40ad0

# docker info - 데몬이 살아있지 않으면 여기서 'Cannot connect to the Docker daemon' 이 난다.

$ docker info | head -40
Client: Docker Engine - Community
 Version:    29.6.2
 Context:    default
 Debug Mode: false
 Plugins:
  buildx: Docker Buildx (Docker Inc.)
    Version:  v0.35.0
    Path:     /usr/libexec/docker/cli-plugins/docker-buildx
  compose: Docker Compose (Docker Inc.)
    Version:  v5.3.1
    Path:     /usr/libexec/docker/cli-plugins/docker-compose

Server:
 Containers: 2
  Running: 2
  Paused: 0
  Stopped: 0
 Images: 4
 Server Version: 29.6.2
 Storage Driver: overlayfs
  driver-type: io.containerd.snapshotter.v1
 Logging Driver: json-file
 Cgroup Driver: systemd
 Cgroup Version: 2
 Plugins:
  Volume: local
  Network: bridge host ipvlan macvlan null overlay
  Log: awslogs fluentd gcplogs gelf journald json-file local splunk syslog
 CDI spec directories:
  /etc/cdi
  /var/run/cdi
 Swarm: inactive
 Runtimes: io.containerd.runc.v2 runc
 Default Runtime: runc
 Init Binary: docker-init
 containerd version: 11ce9d5f3c68c941867e82890e93e815c1304f1b
 runc version: v1.3.6-0-g491b69ba
 init version: de40ad0
 Security Options:
  seccomp


########## 2. 이미지 - 다운로드 및 목록 확인 ##########

# pull 은 레지스트리(Docker Hub)에서 이미지를 내려받기만 한다. 컨테이너를 만들지는 않는다.

$ docker pull hello-world:latest
latest: Pulling from library/hello-world
Digest: sha256:c3cbe1cc1aa588a64951ac6286e0df7b27fe2e6324b1001c619bb358770c0178
Status: Image is up to date for hello-world:latest
docker.io/library/hello-world:latest

$ docker pull ubuntu:24.04
24.04: Pulling from library/ubuntu
Digest: sha256:4fbb8e6a8395de5a7550b33509421a2bafbc0aab6c06ba2cef9ebffbc7092d90
Status: Image is up to date for ubuntu:24.04
docker.io/library/ubuntu:24.04

# 로컬에 보관 중인 이미지 목록

$ docker images
IMAGE                ID             DISK USAGE   CONTENT SIZE   EXTRA
codyssey-web:1.0     3e42bd83e2a6       92.9MB         26.1MB   U    
hello-world:latest   c3cbe1cc1aa5       25.9kB         9.49kB        
httpd:alpine         1b766f17b840       97.3MB         21.9MB        
ubuntu:24.04         4fbb8e6a8395        119MB         31.7MB        


########## 3. hello-world 실행 ##########

# 이미지(설계도) 하나로 컨테이너(실행 인스턴스)를 만든다. 메시지를 출력하고 즉시 종료된다.

$ docker run --name hello-lab hello-world

Hello from Docker!
This message shows that your installation appears to be working correctly.

To generate this message, Docker took the following steps:
 1. The Docker client contacted the Docker daemon.
 2. The Docker daemon pulled the "hello-world" image from the Docker Hub.
    (amd64)
 3. The Docker daemon created a new container from that image which runs the
    executable that produces the output you are currently reading.
 4. The Docker daemon streamed that output to the Docker client, which sent it
    to your terminal.

To try something more ambitious, you can run an Ubuntu container with:
 $ docker run -it ubuntu bash

Share images, automate workflows, and more with a free Docker ID:
 https://hub.docker.com/

For more examples and ideas, visit:
 https://docs.docker.com/get-started/


# 종료된 컨테이너는 docker ps 에는 안 보이고, docker ps -a 에만 보인다.

$ docker ps
CONTAINER ID   IMAGE              COMMAND                  CREATED          STATUS                    PORTS                                     NAMES
ab047e18bf2a   codyssey-web:1.0   "/docker-entrypoint.…"   55 minutes ago   Up 55 minutes (healthy)   0.0.0.0:8081->80/tcp, [::]:8081->80/tcp   codyssey-web-8081
91334a6934ab   codyssey-web:1.0   "/docker-entrypoint.…"   55 minutes ago   Up 55 minutes (healthy)   0.0.0.0:8080->80/tcp, [::]:8080->80/tcp   codyssey-web-8080

$ docker ps -a --filter name=hello-lab
CONTAINER ID   IMAGE         COMMAND    CREATED        STATUS                              PORTS     NAMES
6caa4f57612c   hello-world   "/hello"   1 second ago   Exited (0) Less than a second ago             hello-lab


########## 4. ubuntu 컨테이너 실행 및 내부 명령 수행 ##########

# 먼저 -d/-it 없이 실행하면? PID 1 로 뜬 명령이 끝나는 순간 컨테이너도 끝난다.

$ docker run --rm ubuntu:24.04 echo '컨테이너 안에서 실행된 echo'
컨테이너 안에서 실행된 echo

# 컨테이너를 살려두려면 PID 1 이 계속 살아있어야 한다. -d(백그라운드) -i(stdin 유지) -t(tty 할당)

# 여기서는 -t 를 일부러 빼고 -di 로 띄운다. 5번에서 attach 에 stdin 을 파이프로 넣어야 하는데,

# TTY 가 붙은 컨테이너는 '진짜 터미널'이 아닌 stdin 을 거부하기 때문이다. (트러블슈팅 #2 참고)

$ docker run -di --name ubuntu-lab ubuntu:24.04 bash
b93ffd299eab17efd0c557985e45336ab6bf41bda4a8ae4f99bd3fd7e15fbd71

$ docker ps --filter name=ubuntu-lab
CONTAINER ID   IMAGE          COMMAND   CREATED                  STATUS                  PORTS     NAMES
b93ffd299eab   ubuntu:24.04   "bash"    Less than a second ago   Up Less than a second             ubuntu-lab

# docker exec - 실행 중인 컨테이너 안에서 '새 프로세스'를 띄운다.

$ docker exec ubuntu-lab ls -l /
total 48
lrwxrwxrwx   1 root root    7 Apr 22  2024 bin -> usr/bin
drwxr-xr-x   2 root root 4096 Apr 22  2024 boot
drwxr-xr-x   5 root root  340 Jul 29 07:32 dev
drwxr-xr-x   1 root root 4096 Jul 29 07:32 etc
drwxr-xr-x   3 root root 4096 Jun 10 02:12 home
lrwxrwxrwx   1 root root    7 Apr 22  2024 lib -> usr/lib
lrwxrwxrwx   1 root root    9 Apr 22  2024 lib64 -> usr/lib64
drwxr-xr-x   2 root root 4096 Jun 10 02:05 media
drwxr-xr-x   2 root root 4096 Jun 10 02:05 mnt
drwxr-xr-x   2 root root 4096 Jun 10 02:05 opt
dr-xr-xr-x 433 root root    0 Jul 29 07:32 proc
drwx------   2 root root 4096 Jun 10 02:12 root
drwxr-xr-x   4 root root 4096 Jun 10 02:12 run
lrwxrwxrwx   1 root root    8 Apr 22  2024 sbin -> usr/sbin
drwxr-xr-x   2 root root 4096 Jun 10 02:05 srv
dr-xr-xr-x  13 root root    0 Jul 29 06:30 sys
drwxrwxrwt   2 root root 4096 Jun 10 02:12 tmp
drwxr-xr-x  12 root root 4096 Jun 10 02:05 usr
drwxr-xr-x  11 root root 4096 Jun 10 02:12 var

# $(whoami) 는 컨테이너 안에서 확장돼야 한다. 작은따옴표로 감싸 호스트 셸의 조기 확장을 막는다.

$ docker exec ubuntu-lab sh -c 'echo "컨테이너 내부 사용자: $(whoami)" && head -2 /etc/os-release'
컨테이너 내부 사용자: root
PRETTY_NAME="Ubuntu 24.04.4 LTS"
NAME="Ubuntu"

# 컨테이너 내부에 파일을 만들어 본다 (이 데이터는 컨테이너를 지우면 사라진다 - 05 에서 볼륨으로 해결).

$ docker exec ubuntu-lab bash -c "echo 'ephemeral data' > /tmp/tmp.txt && cat /tmp/tmp.txt"
ephemeral data

# exec 로 띄운 프로세스가 끝나도 컨테이너는 그대로 Up 상태다.

$ docker ps --filter name=ubuntu-lab --format 'table {{.Names}}\t{{.Status}}'
NAMES        STATUS
ubuntu-lab   Up 1 second


########## 5. attach vs exec 차이 관찰 ##########

# exec  : 컨테이너 안에 '새 프로세스'를 추가로 띄운다. 빠져나와도 컨테이너는 계속 산다.

# attach: 이미 돌고 있는 PID 1 의 입출력에 '연결'한다. PID 1 을 끝내면 컨테이너도 끝난다.

# 아래에서 attach 로 PID 1 인 bash 에 'exit' 를 흘려보내 컨테이너가 죽는지 확인한다.

# [attach 전] 컨테이너는 Up 상태다.

$ docker ps --filter name=ubuntu-lab --format '{{.Names}} -> {{.Status}}'
ubuntu-lab -> Up 1 second

# PID 1 인 bash 의 stdin 으로 'exit' 를 흘려보낸다.

$ echo exit | docker attach ubuntu-lab

# [attach 후] PID 1 이 스스로 종료했으므로 컨테이너도 Exited (0) 이 된다.

# 반면 4번의 exec 는 아무리 빠져나와도 컨테이너 상태를 바꾸지 못했다. 이것이 둘의 결정적 차이다.

$ docker ps --filter name=ubuntu-lab --format '{{.Names}} -> {{.Status}}'

$ docker ps -a --filter name=ubuntu-lab --format 'table {{.Names}}\t{{.Status}}'
NAMES        STATUS
ubuntu-lab   Exited (0) Less than a second ago

# 중지된 컨테이너는 start 로 다시 살릴 수 있다 (컨테이너는 삭제 전까지 상태가 보존된다).

$ docker start ubuntu-lab
ubuntu-lab

$ docker ps --filter name=ubuntu-lab --format '{{.Names}} -> {{.Status}}'
ubuntu-lab -> Up Less than a second

# 아까 exec 로 만든 /tmp/tmp.txt 가 남아있다. '컨테이너 재시작'과 '컨테이너 삭제'는 다르다.

$ docker exec ubuntu-lab cat /tmp/tmp.txt
ephemeral data

$ docker stop ubuntu-lab
ubuntu-lab

$ docker ps -a --filter name=ubuntu-lab --format 'table {{.Names}}\t{{.Status}}'
NAMES        STATUS
ubuntu-lab   Exited (137) Less than a second ago


########## 6. 운영 명령 - logs ##########

# 컨테이너의 표준출력/표준에러가 곧 로그다. 애플리케이션이 파일 대신 stdout 으로 찍어야 하는 이유.

$ docker run -d --name ticker ubuntu:24.04 bash -c 'for i in 1 2 3 4 5; do echo "tick $i"; sleep 1; done'
9f3df722e38301c21d36fd816dde794a45513d0700c0c090d7c99618bea7cf30

$ sleep 6

$ docker logs ticker
tick 1
tick 2
tick 3
tick 4
tick 5

# -t 를 붙이면 타임스탬프가 함께 나온다.

$ docker logs -t ticker | tail -3
2026-07-29T07:33:08.238531806Z tick 3
2026-07-29T07:33:09.241049292Z tick 4
2026-07-29T07:33:10.244312477Z tick 5


########## 7. 운영 명령 - stats (리소스 사용량) ##########

# stats 는 기본이 실시간 스트리밍이므로, 로그로 남기려면 --no-stream 을 쓴다.

$ docker run -d --name ubuntu-idle ubuntu:24.04 sleep 120
c94c92401189aa5fc3ae8108abfebb31f3be9c8a688030edb51f3203b75c263c

$ docker stats --no-stream
CONTAINER ID   NAME                CPU %     MEM USAGE / LIMIT     MEM %     NET I/O           BLOCK I/O         PIDS
c94c92401189   ubuntu-idle         0.00%     1.047MiB / 15.41GiB   0.01%     516B / 126B       0B / 0B           1
ab047e18bf2a   codyssey-web-8081   0.00%     19.25MiB / 15.41GiB   0.12%     3.83kB / 2.97kB   0B / 16.4kB       23
91334a6934ab   codyssey-web-8080   0.00%     22.52MiB / 15.41GiB   0.14%     5.79kB / 6.85kB   15.1MB / 16.4kB   23


########## 8. 정리 - 컨테이너 삭제 ##########

$ docker ps -a --format 'table {{.Names}}\t{{.Image}}\t{{.Status}}'
NAMES               IMAGE              STATUS
ubuntu-idle         ubuntu:24.04       Up 2 seconds
ticker              ubuntu:24.04       Exited (0) 4 seconds ago
ubuntu-lab          ubuntu:24.04       Exited (137) 10 seconds ago
hello-lab           hello-world        Exited (0) 26 seconds ago
codyssey-web-8081   codyssey-web:1.0   Up 55 minutes (healthy)
codyssey-web-8080   codyssey-web:1.0   Up 55 minutes (healthy)

$ docker rm -f hello-lab ubuntu-lab ticker ubuntu-idle
hello-lab
ubuntu-lab
ticker
ubuntu-idle

$ docker ps -a --format 'table {{.Names}}\t{{.Status}}'
NAMES               STATUS
codyssey-web-8081   Up 55 minutes (healthy)
codyssey-web-8080   Up 55 minutes (healthy)

# 컨테이너를 지워도 이미지는 남는다. 이미지(설계도) 와 컨테이너(인스턴스) 는 수명주기가 분리되어 있다.

$ docker images
IMAGE                ID             DISK USAGE   CONTENT SIZE   EXTRA
codyssey-web:1.0     3e42bd83e2a6       92.9MB         26.1MB   U    
hello-world:latest   c3cbe1cc1aa5       25.9kB         9.49kB        
httpd:alpine         1b766f17b840       97.3MB         21.9MB        
ubuntu:24.04         4fbb8e6a8395        119MB         31.7MB        
